// Jest Snapshot v1, https://goo.gl/fbAQLP

exports[`renders correctly 1`] = `
<div
  className="container"
>
  <div
    className="base"
    data-type="play"
  >
    <span
      className="flyout"
    >
      watch now
    </span>
    <span
      className="icon-play-triangle icon"
    />
  </div>
</div>
`;
